 
****************************************
Report : power
        -analysis_effort low
Design : topEntity
Version: V-2023.12-SP5
Date   : Tue Dec  2 17:15:43 2025
****************************************


Library(s) Used:

    tcbn28hpcplusbwp30p140tt0p9v25c_ccs (File: /afs/eecs.umich.edu/kits/TSMC/N28HPC+/2018.10/tcbn28hpcplusbwp30p140/digital/Front_End/timing_power_noise/CCS/tcbn28hpcplusbwp30p140_180a/tcbn28hpcplusbwp30p140tt0p9v25c_ccs.db)


Operating Conditions: tt0p9v25c   Library: tcbn28hpcplusbwp30p140tt0p9v25c_ccs
Wire Load Model Mode: segmented

Design        Wire Load Model            Library
------------------------------------------------
topEntity              ZeroWireload      tcbn28hpcplusbwp30p140tt0p9v25c_ccs


Global Operating Voltage = 0.9  
Power-specific unit information :
    Voltage Units = 1V
    Capacitance Units = 1.000000pf
    Time Units = 1ns
    Dynamic Power Units = 1mW    (derived from V,C,T units)
    Leakage Power Units = 1nW


Attributes
----------
i - Including register clock pin internal power


  Cell Internal Power  =   5.2450 uW   (12%)
  Net Switching Power  =  40.2055 uW   (88%)
                         ---------
Total Dynamic Power    =  45.4505 uW  (100%)

Cell Leakage Power     = 501.2577 nW


                 Internal         Switching           Leakage            Total
Power Group      Power            Power               Power              Power   (   %    )  Attrs
--------------------------------------------------------------------------------------------------
io_pad             0.0000            0.0000            0.0000            0.0000  (   0.00%)
memory             0.0000            0.0000            0.0000            0.0000  (   0.00%)
black_box          0.0000            0.0000            0.0000            0.0000  (   0.00%)
clock_network      0.0000            0.0000            0.0000            0.0000  (   0.00%)  i
register           0.0000            0.0000            0.0000            0.0000  (   0.00%)
sequential         0.0000            0.0000            0.0000            0.0000  (   0.00%)
combinational  5.2450e-03        4.0205e-02          501.2577        4.5952e-02  ( 100.00%)
--------------------------------------------------------------------------------------------------
Total          5.2450e-03 mW     4.0205e-02 mW       501.2577 nW     4.5952e-02 mW
1
